Archive member included to satisfy reference by file (symbol)

/usr/lib/gcc/arm-none-eabi/9.2.1/libgcc.a(_udivsi3.o)
                              build/stdio.o (__aeabi_uidiv)
/usr/lib/gcc/arm-none-eabi/9.2.1/libgcc.a(_dvmd_tls.o)
                              /usr/lib/gcc/arm-none-eabi/9.2.1/libgcc.a(_udivsi3.o) (__aeabi_idiv0)

Memory Configuration

Name             Origin             Length             Attributes
*default*        0x0000000000000000 0xffffffffffffffff

Linker script and memory map

LOAD build/Entry.os
LOAD build/Main.o
LOAD build/Handler.o
LOAD build/Regs.o
LOAD build/Interrupt.o
LOAD build/Uart.o
LOAD build/Timer.o
LOAD build/stdlib.o
LOAD build/stdio.o
LOAD build/armcpu.o
LOAD build/task.o
LOAD build/Kernel.o
LOAD /usr/lib/gcc/arm-none-eabi/9.2.1/libgcc.a
                0x0000000000000000                . = 0x0

.text           0x0000000000000000     0x1558
 *(vector_start)
 *(.text .rodata)
 .text          0x0000000000000000       0xd4 build/Entry.os
                0x0000000000000000                vector_start
                0x000000000000003c                vector_end
 .text          0x00000000000000d4      0x280 build/Main.o
                0x00000000000000d4                main
                0x00000000000002c4                User_task0
                0x00000000000002f4                User_task1
                0x0000000000000324                User_task2
 .rodata        0x0000000000000354      0x14e build/Main.o
 *fill*         0x00000000000004a2        0x2 
 .text          0x00000000000004a4       0x24 build/Handler.o
                0x00000000000004a4                Irq_Handler
                0x00000000000004c0                Fiq_Handler
 .text          0x00000000000004c8        0x0 build/Regs.o
 .text          0x00000000000004c8      0x2f8 build/Interrupt.o
                0x00000000000004c8                Hal_interrupt_init
                0x0000000000000564                Hal_interrupt_enable
                0x0000000000000630                Hal_interrupt_disable
                0x0000000000000704                Hal_interrupt_register_handler
                0x000000000000073c                Hal_interrupt_run_handler
 .text          0x00000000000007c0      0x1cc build/Uart.o
                0x00000000000007c0                Hal_uart_init
                0x0000000000000860                Hal_uart_put_char
                0x00000000000008bc                Hal_uart_get_char
 .text          0x000000000000098c      0x210 build/Timer.o
                0x000000000000098c                Hal_timer_init
                0x0000000000000b30                Hal_timer_get_1ms_counter
 .text          0x0000000000000b9c       0x4c build/stdlib.o
                0x0000000000000b9c                delay
 .text          0x0000000000000be8      0x454 build/stdio.o
                0x0000000000000be8                putstr
                0x0000000000000c48                debug_printf
                0x0000000000000c98                vsprintf
                0x0000000000000f18                utoa
 .rodata        0x000000000000103c        0x7 build/stdio.o
 *fill*         0x0000000000001043        0x1 
 .text          0x0000000000001044       0xb0 build/armcpu.o
                0x0000000000001044                enable_irq
                0x0000000000001070                enable_fiq
                0x000000000000109c                disable_irq
                0x00000000000010c8                disable_fiq
 .text          0x00000000000010f4      0x324 build/task.o
                0x00000000000010f4                Kernel_task_init
                0x0000000000001200                Kernel_task_start
                0x000000000000123c                Kernel_task_create
                0x00000000000012d0                Kernel_task_get_current_task_id
                0x00000000000012f4                Kernel_task_scheduler
                0x0000000000001344                Kernel_task_context_switching
 .text          0x0000000000001418       0x28 build/Kernel.o
                0x0000000000001418                Kernel_start
                0x000000000000142c                Kernel_yield
 .text          0x0000000000001440      0x114 /usr/lib/gcc/arm-none-eabi/9.2.1/libgcc.a(_udivsi3.o)
                0x0000000000001440                __udivsi3
                0x0000000000001440                __aeabi_uidiv
                0x0000000000001534                __aeabi_uidivmod
 .text          0x0000000000001554        0x4 /usr/lib/gcc/arm-none-eabi/9.2.1/libgcc.a(_dvmd_tls.o)
                0x0000000000001554                __aeabi_ldiv0
                0x0000000000001554                __aeabi_idiv0

.glue_7         0x0000000000001558        0x0
 .glue_7        0x0000000000001558        0x0 linker stubs

.glue_7t        0x0000000000001558        0x0
 .glue_7t       0x0000000000001558        0x0 linker stubs

.vfp11_veneer   0x0000000000001558        0x0
 .vfp11_veneer  0x0000000000001558        0x0 linker stubs

.v4_bx          0x0000000000001558        0x0
 .v4_bx         0x0000000000001558        0x0 linker stubs

.iplt           0x0000000000001558        0x0
 .iplt          0x0000000000001558        0x0 build/Entry.os

.rel.dyn        0x0000000000001558        0x0
 .rel.iplt      0x0000000000001558        0x0 build/Entry.os

.data           0x0000000000001558       0x10
 *(.data)
 .data          0x0000000000001558        0x0 build/Entry.os
 .data          0x0000000000001558        0x0 build/Main.o
 .data          0x0000000000001558        0x0 build/Handler.o
 .data          0x0000000000001558       0x10 build/Regs.o
                0x0000000000001558                Uart
                0x000000000000155c                GicCpu
                0x0000000000001560                GicDist
                0x0000000000001564                Timer
 .data          0x0000000000001568        0x0 build/Interrupt.o
 .data          0x0000000000001568        0x0 build/Uart.o
 .data          0x0000000000001568        0x0 build/Timer.o
 .data          0x0000000000001568        0x0 build/stdlib.o
 .data          0x0000000000001568        0x0 build/stdio.o
 .data          0x0000000000001568        0x0 build/armcpu.o
 .data          0x0000000000001568        0x0 build/task.o
 .data          0x0000000000001568        0x0 build/Kernel.o
 .data          0x0000000000001568        0x0 /usr/lib/gcc/arm-none-eabi/9.2.1/libgcc.a(_udivsi3.o)
 .data          0x0000000000001568        0x0 /usr/lib/gcc/arm-none-eabi/9.2.1/libgcc.a(_dvmd_tls.o)

.igot.plt       0x0000000000001568        0x0
 .igot.plt      0x0000000000001568        0x0 build/Entry.os

.bss            0x0000000000001568      0xa10
 *(.bss)
 .bss           0x0000000000001568        0x0 build/Entry.os
 .bss           0x0000000000001568        0x0 build/Main.o
 .bss           0x0000000000001568        0x0 build/Handler.o
 .bss           0x0000000000001568        0x0 build/Regs.o
 .bss           0x0000000000001568      0x3fc build/Interrupt.o
 .bss           0x0000000000001964        0x0 build/Uart.o
 .bss           0x0000000000001964        0x4 build/Timer.o
 .bss           0x0000000000001968        0x0 build/stdlib.o
 .bss           0x0000000000001968      0x400 build/stdio.o
 .bss           0x0000000000001d68        0x0 build/armcpu.o
 .bss           0x0000000000001d68      0x210 build/task.o
 .bss           0x0000000000001f78        0x0 build/Kernel.o
 .bss           0x0000000000001f78        0x0 /usr/lib/gcc/arm-none-eabi/9.2.1/libgcc.a(_udivsi3.o)
 .bss           0x0000000000001f78        0x0 /usr/lib/gcc/arm-none-eabi/9.2.1/libgcc.a(_dvmd_tls.o)
OUTPUT(build/navilos.axf elf32-littlearm)
LOAD linker stubs

.ARM.attributes
                0x0000000000000000       0x2b
 .ARM.attributes
                0x0000000000000000       0x1d build/Entry.os
 .ARM.attributes
                0x000000000000001d       0x2f build/Main.o
 .ARM.attributes
                0x000000000000004c       0x2f build/Handler.o
 .ARM.attributes
                0x000000000000007b       0x2f build/Regs.o
 .ARM.attributes
                0x00000000000000aa       0x2f build/Interrupt.o
 .ARM.attributes
                0x00000000000000d9       0x2f build/Uart.o
 .ARM.attributes
                0x0000000000000108       0x2f build/Timer.o
 .ARM.attributes
                0x0000000000000137       0x2f build/stdlib.o
 .ARM.attributes
                0x0000000000000166       0x2f build/stdio.o
 .ARM.attributes
                0x0000000000000195       0x2f build/armcpu.o
 .ARM.attributes
                0x00000000000001c4       0x2f build/task.o
 .ARM.attributes
                0x00000000000001f3       0x2f build/Kernel.o
 .ARM.attributes
                0x0000000000000222       0x1c /usr/lib/gcc/arm-none-eabi/9.2.1/libgcc.a(_udivsi3.o)
 .ARM.attributes
                0x000000000000023e       0x1c /usr/lib/gcc/arm-none-eabi/9.2.1/libgcc.a(_dvmd_tls.o)

.comment        0x0000000000000000       0x59
 .comment       0x0000000000000000       0x59 build/Main.o
                                         0x5a (size before relaxing)
 .comment       0x0000000000000059       0x5a build/Handler.o
 .comment       0x0000000000000059       0x5a build/Regs.o
 .comment       0x0000000000000059       0x5a build/Interrupt.o
 .comment       0x0000000000000059       0x5a build/Uart.o
 .comment       0x0000000000000059       0x5a build/Timer.o
 .comment       0x0000000000000059       0x5a build/stdlib.o
 .comment       0x0000000000000059       0x5a build/stdio.o
 .comment       0x0000000000000059       0x5a build/armcpu.o
 .comment       0x0000000000000059       0x5a build/task.o
 .comment       0x0000000000000059       0x5a build/Kernel.o

.debug_line     0x0000000000000000      0x9cb
 .debug_line    0x0000000000000000       0x6d build/Entry.os
 .debug_line    0x000000000000006d      0x110 build/Main.o
 .debug_line    0x000000000000017d       0x4c build/Handler.o
 .debug_line    0x00000000000001c9       0x68 build/Regs.o
 .debug_line    0x0000000000000231      0x11e build/Interrupt.o
 .debug_line    0x000000000000034f       0xf0 build/Uart.o
 .debug_line    0x000000000000043f       0xdc build/Timer.o
 .debug_line    0x000000000000051b       0x6a build/stdlib.o
 .debug_line    0x0000000000000585      0x17c build/stdio.o
 .debug_line    0x0000000000000701       0x67 build/armcpu.o
 .debug_line    0x0000000000000768      0x14c build/task.o
 .debug_line    0x00000000000008b4       0x4c build/Kernel.o
 .debug_line    0x0000000000000900       0x74 /usr/lib/gcc/arm-none-eabi/9.2.1/libgcc.a(_udivsi3.o)
 .debug_line    0x0000000000000974       0x57 /usr/lib/gcc/arm-none-eabi/9.2.1/libgcc.a(_dvmd_tls.o)

.debug_info     0x0000000000000000     0x30d8
 .debug_info    0x0000000000000000       0x26 build/Entry.os
 .debug_info    0x0000000000000026      0x195 build/Main.o
 .debug_info    0x00000000000001bb       0x82 build/Handler.o
 .debug_info    0x000000000000023d     0x124d build/Regs.o
 .debug_info    0x000000000000148a      0x691 build/Interrupt.o
 .debug_info    0x0000000000001b1b      0xbcc build/Uart.o
 .debug_info    0x00000000000026e7      0x2c6 build/Timer.o
 .debug_info    0x00000000000029ad       0x9a build/stdlib.o
 .debug_info    0x0000000000002a47      0x2bc build/stdio.o
 .debug_info    0x0000000000002d03       0x6e build/armcpu.o
 .debug_info    0x0000000000002d71      0x299 build/task.o
 .debug_info    0x000000000000300a       0x82 build/Kernel.o
 .debug_info    0x000000000000308c       0x26 /usr/lib/gcc/arm-none-eabi/9.2.1/libgcc.a(_udivsi3.o)
 .debug_info    0x00000000000030b2       0x26 /usr/lib/gcc/arm-none-eabi/9.2.1/libgcc.a(_dvmd_tls.o)

.debug_abbrev   0x0000000000000000      0xa87
 .debug_abbrev  0x0000000000000000       0x14 build/Entry.os
 .debug_abbrev  0x0000000000000014       0xcc build/Main.o
 .debug_abbrev  0x00000000000000e0       0x5e build/Handler.o
 .debug_abbrev  0x000000000000013e      0x11a build/Regs.o
 .debug_abbrev  0x0000000000000258      0x19c build/Interrupt.o
 .debug_abbrev  0x00000000000003f4      0x19d build/Uart.o
 .debug_abbrev  0x0000000000000591      0x132 build/Timer.o
 .debug_abbrev  0x00000000000006c3       0x75 build/stdlib.o
 .debug_abbrev  0x0000000000000738      0x131 build/stdio.o
 .debug_abbrev  0x0000000000000869       0x2e build/armcpu.o
 .debug_abbrev  0x0000000000000897      0x184 build/task.o
 .debug_abbrev  0x0000000000000a1b       0x44 build/Kernel.o
 .debug_abbrev  0x0000000000000a5f       0x14 /usr/lib/gcc/arm-none-eabi/9.2.1/libgcc.a(_udivsi3.o)
 .debug_abbrev  0x0000000000000a73       0x14 /usr/lib/gcc/arm-none-eabi/9.2.1/libgcc.a(_dvmd_tls.o)

.debug_aranges  0x0000000000000000      0x1b8
 .debug_aranges
                0x0000000000000000       0x20 build/Entry.os
 .debug_aranges
                0x0000000000000020       0x20 build/Main.o
 .debug_aranges
                0x0000000000000040       0x20 build/Handler.o
 .debug_aranges
                0x0000000000000060       0x18 build/Regs.o
 .debug_aranges
                0x0000000000000078       0x20 build/Interrupt.o
 .debug_aranges
                0x0000000000000098       0x20 build/Uart.o
 .debug_aranges
                0x00000000000000b8       0x20 build/Timer.o
 .debug_aranges
                0x00000000000000d8       0x20 build/stdlib.o
 .debug_aranges
                0x00000000000000f8       0x20 build/stdio.o
 .debug_aranges
                0x0000000000000118       0x20 build/armcpu.o
 .debug_aranges
                0x0000000000000138       0x20 build/task.o
 .debug_aranges
                0x0000000000000158       0x20 build/Kernel.o
 .debug_aranges
                0x0000000000000178       0x20 /usr/lib/gcc/arm-none-eabi/9.2.1/libgcc.a(_udivsi3.o)
 .debug_aranges
                0x0000000000000198       0x20 /usr/lib/gcc/arm-none-eabi/9.2.1/libgcc.a(_dvmd_tls.o)

.debug_str      0x0000000000000000      0xbdf
 .debug_str     0x0000000000000000       0x45 build/Entry.os
 .debug_str     0x0000000000000045      0x163 build/Main.o
                                        0x1ad (size before relaxing)
 .debug_str     0x00000000000001a8       0x27 build/Handler.o
                                        0x154 (size before relaxing)
 .debug_str     0x00000000000001cf      0x5ac build/Regs.o
                                        0x6e9 (size before relaxing)
 .debug_str     0x000000000000077b       0xbb build/Interrupt.o
                                        0x3f8 (size before relaxing)
 .debug_str     0x0000000000000836       0x61 build/Uart.o
                                        0x489 (size before relaxing)
 .debug_str     0x0000000000000897       0x58 build/Timer.o
                                        0x296 (size before relaxing)
 .debug_str     0x00000000000008ef       0x18 build/stdlib.o
                                        0x14e (size before relaxing)
 .debug_str     0x0000000000000907       0x7c build/stdio.o
                                        0x1cc (size before relaxing)
 .debug_str     0x0000000000000983       0x3b build/armcpu.o
                                         0xff (size before relaxing)
 .debug_str     0x00000000000009be      0x179 build/task.o
                                        0x2b7 (size before relaxing)
 .debug_str     0x0000000000000b37       0x2a build/Kernel.o
                                        0x157 (size before relaxing)
 .debug_str     0x0000000000000b61       0x7e /usr/lib/gcc/arm-none-eabi/9.2.1/libgcc.a(_udivsi3.o)
                                         0x8a (size before relaxing)
 .debug_str     0x0000000000000bdf       0x8a /usr/lib/gcc/arm-none-eabi/9.2.1/libgcc.a(_dvmd_tls.o)

.debug_frame    0x0000000000000000      0x5bc
 .debug_frame   0x0000000000000000       0xf8 build/Main.o
 .debug_frame   0x00000000000000f8       0x50 build/Handler.o
 .debug_frame   0x0000000000000148       0xb0 build/Interrupt.o
 .debug_frame   0x00000000000001f8       0x8c build/Uart.o
 .debug_frame   0x0000000000000284       0x70 build/Timer.o
 .debug_frame   0x00000000000002f4       0x30 build/stdlib.o
 .debug_frame   0x0000000000000324       0xac build/stdio.o
 .debug_frame   0x00000000000003d0       0x90 build/armcpu.o
 .debug_frame   0x0000000000000460       0xf4 build/task.o
 .debug_frame   0x0000000000000554       0x48 build/Kernel.o
 .debug_frame   0x000000000000059c       0x20 /usr/lib/gcc/arm-none-eabi/9.2.1/libgcc.a(_udivsi3.o)
